// Jest Snapshot v1, https://goo.gl/fbAQLP

exports[`<TouchSlider /> should renders correctly 1`] = `
<div>
  <div
    class="layout mobile "
  >
    <div
      class="outer"
      data-bsl-ignore="true"
    >
      <div
        class="inner"
      >
        <div>
          Foo
        </div>
        <div>
          Bar
        </div>
        <div>
          Baz
        </div>
      </div>
    </div>
  </div>
</div>
`;
