// Jest Snapshot v1, https://goo.gl/fbAQLP

exports[`MaskedField should renders properly 1`] = `
<ForwardRef(MaskedField)
  mask="__ __ №______"
>
  <ForwardRef(TextField)
    multiline={false}
    onBlur={[Function]}
    restPlaceholder={
      Object {
        "shiftValue": "",
        "value": "__ __ №______",
      }
    }
  >
    <div
      className="root"
    >
      <div
        className="reset input-block variant-desktop size-l rounds-sm__all"
        data-testid="text-field:block"
        onClick={[Function]}
      >
        <div
          className="main-column"
        >
          <div
            className="input-wrapper"
          >
            <ForwardRef(BaseInput)
              className="base-input variant-desktop size-l"
              data-testid="text-field:field"
              multiline={false}
              onBlur={[Function]}
              onChange={[Function]}
              onFocus={[Function]}
              onInput={[Function]}
              restPlaceholder={
                Object {
                  "shiftValue": "",
                  "value": "__ __ №______",
                }
              }
            >
              <div
                className="reset root base-input variant-desktop size-l"
              >
                <span
                  aria-hidden={true}
                  className="fake-text"
                >
                  <span
                    className="invisible-value"
                  />
                  <span
                    className="placeholder"
                  >
                    __ __ №______
                  </span>
                </span>
                <input
                  className="field reset"
                  data-testid="text-field:field"
                  onBlur={[Function]}
                  onChange={[Function]}
                  onFocus={[Function]}
                  onInput={[Function]}
                />
              </div>
            </ForwardRef(BaseInput)>
          </div>
        </div>
      </div>
    </div>
  </ForwardRef(TextField)>
</ForwardRef(MaskedField)>
`;
