// Jest Snapshot v1, https://goo.gl/fbAQLP

exports[`<Rating /> renders correctly without params 1`] = `
<Rating
  className="test-class"
  value={3.4}
>
  <div
    className="root test-class"
    data-rating={3.4}
    data-testid="rating"
  >
    <Star
      key="0"
      type="full"
    >
      <div
        className="star size-s"
      >
        <SvgStar
          className="svg full"
        >
          <svg
            className="svg full"
            height={24}
            viewBox="0 0 24 24"
            width={24}
            xmlns="http://www.w3.org/2000/svg"
          >
            <path
              d="M11.304 2.318a.75.75 0 011.392 0l2.567 6.393 6.874.466a.75.75 0 01.43 1.324l-5.287 4.417 1.68 6.681a.75.75 0 01-1.125.818L12 18.754l-5.835 3.663A.75.75 0 015.04 21.6l1.681-6.68L1.433 10.5a.75.75 0 01.43-1.324l6.874-.466 2.567-6.393z"
            />
          </svg>
        </SvgStar>
      </div>
    </Star>
    <Star
      key="1"
      type="full"
    >
      <div
        className="star size-s"
      >
        <SvgStar
          className="svg full"
        >
          <svg
            className="svg full"
            height={24}
            viewBox="0 0 24 24"
            width={24}
            xmlns="http://www.w3.org/2000/svg"
          >
            <path
              d="M11.304 2.318a.75.75 0 011.392 0l2.567 6.393 6.874.466a.75.75 0 01.43 1.324l-5.287 4.417 1.68 6.681a.75.75 0 01-1.125.818L12 18.754l-5.835 3.663A.75.75 0 015.04 21.6l1.681-6.68L1.433 10.5a.75.75 0 01.43-1.324l6.874-.466 2.567-6.393z"
            />
          </svg>
        </SvgStar>
      </div>
    </Star>
    <Star
      key="2"
      type="full"
    >
      <div
        className="star size-s"
      >
        <SvgStar
          className="svg full"
        >
          <svg
            className="svg full"
            height={24}
            viewBox="0 0 24 24"
            width={24}
            xmlns="http://www.w3.org/2000/svg"
          >
            <path
              d="M11.304 2.318a.75.75 0 011.392 0l2.567 6.393 6.874.466a.75.75 0 01.43 1.324l-5.287 4.417 1.68 6.681a.75.75 0 01-1.125.818L12 18.754l-5.835 3.663A.75.75 0 015.04 21.6l1.681-6.68L1.433 10.5a.75.75 0 01.43-1.324l6.874-.466 2.567-6.393z"
            />
          </svg>
        </SvgStar>
      </div>
    </Star>
    <Star
      key="3"
      type="half"
    >
      <div
        className="star size-s"
      >
        <SvgStar
          className="svg"
        >
          <svg
            className="svg"
            height={24}
            viewBox="0 0 24 24"
            width={24}
            xmlns="http://www.w3.org/2000/svg"
          >
            <path
              d="M11.304 2.318a.75.75 0 011.392 0l2.567 6.393 6.874.466a.75.75 0 01.43 1.324l-5.287 4.417 1.68 6.681a.75.75 0 01-1.125.818L12 18.754l-5.835 3.663A.75.75 0 015.04 21.6l1.681-6.68L1.433 10.5a.75.75 0 01.43-1.324l6.874-.466 2.567-6.393z"
            />
          </svg>
        </SvgStar>
        <SvgStar
          className="svg half"
          preserveAspectRatio="xMinYMin slice"
        >
          <svg
            className="svg half"
            height={24}
            preserveAspectRatio="xMinYMin slice"
            viewBox="0 0 24 24"
            width={24}
            xmlns="http://www.w3.org/2000/svg"
          >
            <path
              d="M11.304 2.318a.75.75 0 011.392 0l2.567 6.393 6.874.466a.75.75 0 01.43 1.324l-5.287 4.417 1.68 6.681a.75.75 0 01-1.125.818L12 18.754l-5.835 3.663A.75.75 0 015.04 21.6l1.681-6.68L1.433 10.5a.75.75 0 01.43-1.324l6.874-.466 2.567-6.393z"
            />
          </svg>
        </SvgStar>
      </div>
    </Star>
    <Star
      key="4"
      type="empty"
    >
      <div
        className="star size-s"
      >
        <SvgStar
          className="svg"
        >
          <svg
            className="svg"
            height={24}
            viewBox="0 0 24 24"
            width={24}
            xmlns="http://www.w3.org/2000/svg"
          >
            <path
              d="M11.304 2.318a.75.75 0 011.392 0l2.567 6.393 6.874.466a.75.75 0 01.43 1.324l-5.287 4.417 1.68 6.681a.75.75 0 01-1.125.818L12 18.754l-5.835 3.663A.75.75 0 015.04 21.6l1.681-6.68L1.433 10.5a.75.75 0 01.43-1.324l6.874-.466 2.567-6.393z"
            />
          </svg>
        </SvgStar>
      </div>
    </Star>
  </div>
</Rating>
`;
