// Jest Snapshot v1, https://goo.gl/fbAQLP

exports[`<Alert /> should handle props 1`] = `
<Alert
  className="test-class"
  footer="Footer content"
  inPortal={false}
  navBarProps={
    Object {
      "subtitle": "Subtitle text",
    }
  }
  title="Hello, world!"
  withDivideNavBar={false}
  withNavBar={true}
>
  <AlertInner
    className="test-class"
    footer="Footer content"
    navBarProps={
      Object {
        "subtitle": "Subtitle text",
      }
    }
    title="Hello, world!"
    withDivideNavBar={false}
    withNavBar={true}
  >
    <div
      className="overlay"
      data-testid="alert:overlay"
      onClick={[Function]}
      style={
        Object {
          "zIndex": 100,
        }
      }
    >
      <div
        className="alert test-class"
        data-testid="alert"
      >
        <NavBar
          bottomBordered={false}
          className="header"
          subtitle="Subtitle text"
          title="Hello, world!"
        >
          <div
            className="nav-bar header"
            style={
              Object {
                "height": "56px",
              }
            }
          >
            <div
              className="main"
            >
              <div
                className="title truncate"
              >
                Hello, world!
              </div>
              <div
                className="subtitle truncate"
              >
                Subtitle text
              </div>
            </div>
          </div>
        </NavBar>
        <div
          className="main"
        >
          Main content
        </div>
        <div
          className="inner-border-top"
        >
          Footer content
        </div>
      </div>
    </div>
  </AlertInner>
</Alert>
`;

exports[`<Alert /> should renders without props 1`] = `
<Alert>
  <Portal>
    <Portal
      containerInfo={
        <div>
          <div
            class="overlay"
            data-testid="alert:overlay"
            style="z-index: 100;"
          >
            <div
              class="alert"
              data-testid="alert"
            >
              <div
                class="main"
              />
            </div>
          </div>
        </div>
      }
    >
      <AlertInner>
        <div
          className="overlay"
          data-testid="alert:overlay"
          onClick={[Function]}
          style={
            Object {
              "zIndex": 100,
            }
          }
        >
          <div
            className="alert"
            data-testid="alert"
          >
            <div
              className="main"
            />
          </div>
        </div>
      </AlertInner>
    </Portal>
  </Portal>
</Alert>
`;
