// Jest Snapshot v1, https://goo.gl/fbAQLP

exports[`Компонент GridCol should match snapshot with defaults 1`] = `
<GridEntity
  createClasses={[Function]}
/>
`;

exports[`Компонент GridCol should renders correctly with custom props 1`] = `
<GridEntity
  createClasses={[Function]}
  externalClass="test"
  gutter="s"
  justify="center"
  tag="section"
  width={6}
>
  Колонка 1
</GridEntity>
`;
