// Jest Snapshot v1, https://goo.gl/fbAQLP

exports[`Компонент GridRow should renders correctly with custom props 1`] = `
<GridRow
  alignItems="end"
  externalClass="test"
  justify="center"
  tag="section"
  withoutGutters={true}
  wrap={true}
>
  <GridEntity
    alignItems="end"
    createClasses={[Function]}
    externalClass="test"
    justify="center"
    tag="section"
    withoutGutters={true}
    wrap={true}
  >
    <section
      className="row wrap items-end justify-center row-lg-columns-count-12 row-md-columns-count-8 row-lg-columns-gutters-lg row-md-columns-gutters-md row-sm-columns-gutters-sm test"
    >
      <GridCol
        desktop={9}
        tag="section"
      >
        <GridEntity
          createClasses={[Function]}
          desktop={9}
          tag="section"
        >
          <section
            className="col col-lg-width-9 col-md-width-auto"
          >
            Колонка 1
          </section>
        </GridEntity>
      </GridCol>
      <GridCol
        desktop={3}
        tag="p"
      >
        <GridEntity
          createClasses={[Function]}
          desktop={3}
          tag="p"
        >
          <p
            className="col col-lg-width-3 col-md-width-auto"
          >
            Колонка 2
          </p>
        </GridEntity>
      </GridCol>
    </section>
  </GridEntity>
</GridRow>
`;

exports[`Компонент GridRow should renders correctly without props 1`] = `
<GridRow>
  <GridEntity
    createClasses={[Function]}
  >
    <div
      className="row items-stretch justify-start with-gutters row-lg-columns-count-12 row-md-columns-count-8 row-lg-columns-gutters-lg row-md-columns-gutters-md row-sm-columns-gutters-sm"
    />
  </GridEntity>
</GridRow>
`;
