// Jest Snapshot v1, https://goo.gl/fbAQLP

exports[`<PseudoLink /> calls styleHelpers and renders correctly with arrow 1`] = `
<span
  className="link link-can-be-hovered link-block"
>
  <span
    className="link-text link-white"
  >
    TestPseudoLink
  </span>
  <span
    className="icon-arrow"
  >
    <Icon
      color="dark-blue"
      icon={[Function]}
      inline={true}
      size={10}
    />
  </span>
</span>
`;

exports[`<PseudoLink /> calls styleHelpers with right params and renders correctly without arrow 1`] = `
<span
  className="testClass link link-relative"
>
  <span
    className="link-text link-black link-underlined link-underlined-dashed"
  >
    TestPseudoLink
  </span>
</span>
`;
