// Jest Snapshot v1, https://goo.gl/fbAQLP

exports[`<Button /> renders button correctly 1`] = `
<Button
  className="test-class"
  cssParams={
    Object {
      "color": "white",
      "shape": "rounded",
    }
  }
>
  <button
    className="button test-class button-rounded button-white"
  >
    Кнопка
  </button>
</Button>
`;
