// Jest Snapshot v1, https://goo.gl/fbAQLP

exports[`<DotsNav /> should handle "current" change 1`] = `
<DotNav
  current={0}
  total={9}
>
  <div
    className="root size-s"
    style={
      Object {
        "height": 14,
        "width": 70,
      }
    }
  >
    <div
      className="item active"
      key="0"
      onClick={[Function]}
      style={
        Object {
          "left": "14px",
        }
      }
    />
    <div
      className="item"
      key="1"
      onClick={[Function]}
      style={
        Object {
          "left": "28px",
        }
      }
    />
    <div
      className="item"
      key="2"
      onClick={[Function]}
      style={
        Object {
          "left": "42px",
        }
      }
    />
    <div
      className="item distant"
      key="3"
      onClick={[Function]}
      style={
        Object {
          "left": "56px",
        }
      }
    />
    <div
      className="item distant"
      key="4"
      onClick={[Function]}
      style={
        Object {
          "left": "70px",
        }
      }
    />
    <div
      className="item distant"
      key="5"
      onClick={[Function]}
      style={
        Object {
          "left": "84px",
        }
      }
    />
    <div
      className="item distant"
      key="6"
      onClick={[Function]}
      style={
        Object {
          "left": "98px",
        }
      }
    />
    <div
      className="item distant"
      key="7"
      onClick={[Function]}
      style={
        Object {
          "left": "112px",
        }
      }
    />
    <div
      className="item distant"
      key="8"
      onClick={[Function]}
      style={
        Object {
          "left": "126px",
        }
      }
    />
  </div>
</DotNav>
`;

exports[`<DotsNav /> should handle "current" change 2`] = `
<DotNav
  current={0}
  total={9}
>
  <div
    className="root size-s"
    style={
      Object {
        "height": 14,
        "width": 70,
      }
    }
  >
    <div
      className="item active"
      key="0"
      onClick={[Function]}
      style={
        Object {
          "left": "14px",
        }
      }
    />
    <div
      className="item"
      key="1"
      onClick={[Function]}
      style={
        Object {
          "left": "28px",
        }
      }
    />
    <div
      className="item"
      key="2"
      onClick={[Function]}
      style={
        Object {
          "left": "42px",
        }
      }
    />
    <div
      className="item distant"
      key="3"
      onClick={[Function]}
      style={
        Object {
          "left": "56px",
        }
      }
    />
    <div
      className="item distant"
      key="4"
      onClick={[Function]}
      style={
        Object {
          "left": "70px",
        }
      }
    />
    <div
      className="item distant"
      key="5"
      onClick={[Function]}
      style={
        Object {
          "left": "84px",
        }
      }
    />
    <div
      className="item distant"
      key="6"
      onClick={[Function]}
      style={
        Object {
          "left": "98px",
        }
      }
    />
    <div
      className="item distant"
      key="7"
      onClick={[Function]}
      style={
        Object {
          "left": "112px",
        }
      }
    />
    <div
      className="item distant"
      key="8"
      onClick={[Function]}
      style={
        Object {
          "left": "126px",
        }
      }
    />
  </div>
</DotNav>
`;

exports[`<DotsNav /> should handle "current" change 3`] = `
<DotNav
  current={1}
  total={9}
>
  <div
    className="root size-s"
    style={
      Object {
        "height": 14,
        "width": 70,
      }
    }
  >
    <div
      className="item"
      key="0"
      onClick={[Function]}
      style={
        Object {
          "left": "14px",
        }
      }
    />
    <div
      className="item active"
      key="1"
      onClick={[Function]}
      style={
        Object {
          "left": "28px",
        }
      }
    />
    <div
      className="item"
      key="2"
      onClick={[Function]}
      style={
        Object {
          "left": "42px",
        }
      }
    />
    <div
      className="item distant"
      key="3"
      onClick={[Function]}
      style={
        Object {
          "left": "56px",
        }
      }
    />
    <div
      className="item distant"
      key="4"
      onClick={[Function]}
      style={
        Object {
          "left": "70px",
        }
      }
    />
    <div
      className="item distant"
      key="5"
      onClick={[Function]}
      style={
        Object {
          "left": "84px",
        }
      }
    />
    <div
      className="item distant"
      key="6"
      onClick={[Function]}
      style={
        Object {
          "left": "98px",
        }
      }
    />
    <div
      className="item distant"
      key="7"
      onClick={[Function]}
      style={
        Object {
          "left": "112px",
        }
      }
    />
    <div
      className="item distant"
      key="8"
      onClick={[Function]}
      style={
        Object {
          "left": "126px",
        }
      }
    />
  </div>
</DotNav>
`;

exports[`<DotsNav /> should handle "current" change 4`] = `
<DotNav
  current={2}
  total={9}
>
  <div
    className="root size-s"
    style={
      Object {
        "height": 14,
        "width": 70,
      }
    }
  >
    <div
      className="item"
      key="0"
      onClick={[Function]}
      style={
        Object {
          "left": "14px",
        }
      }
    />
    <div
      className="item"
      key="1"
      onClick={[Function]}
      style={
        Object {
          "left": "28px",
        }
      }
    />
    <div
      className="item active"
      key="2"
      onClick={[Function]}
      style={
        Object {
          "left": "42px",
        }
      }
    />
    <div
      className="item distant"
      key="3"
      onClick={[Function]}
      style={
        Object {
          "left": "56px",
        }
      }
    />
    <div
      className="item distant"
      key="4"
      onClick={[Function]}
      style={
        Object {
          "left": "70px",
        }
      }
    />
    <div
      className="item distant"
      key="5"
      onClick={[Function]}
      style={
        Object {
          "left": "84px",
        }
      }
    />
    <div
      className="item distant"
      key="6"
      onClick={[Function]}
      style={
        Object {
          "left": "98px",
        }
      }
    />
    <div
      className="item distant"
      key="7"
      onClick={[Function]}
      style={
        Object {
          "left": "112px",
        }
      }
    />
    <div
      className="item distant"
      key="8"
      onClick={[Function]}
      style={
        Object {
          "left": "126px",
        }
      }
    />
  </div>
</DotNav>
`;

exports[`<DotsNav /> should handle "current" change 5`] = `
<DotNav
  current={3}
  total={9}
>
  <div
    className="root size-s"
    style={
      Object {
        "height": 14,
        "width": 70,
      }
    }
  >
    <div
      className="item distant"
      key="0"
      onClick={[Function]}
      style={
        Object {
          "left": "0px",
        }
      }
    />
    <div
      className="item"
      key="1"
      onClick={[Function]}
      style={
        Object {
          "left": "14px",
        }
      }
    />
    <div
      className="item"
      key="2"
      onClick={[Function]}
      style={
        Object {
          "left": "28px",
        }
      }
    />
    <div
      className="item active"
      key="3"
      onClick={[Function]}
      style={
        Object {
          "left": "42px",
        }
      }
    />
    <div
      className="item distant"
      key="4"
      onClick={[Function]}
      style={
        Object {
          "left": "56px",
        }
      }
    />
    <div
      className="item distant"
      key="5"
      onClick={[Function]}
      style={
        Object {
          "left": "70px",
        }
      }
    />
    <div
      className="item distant"
      key="6"
      onClick={[Function]}
      style={
        Object {
          "left": "84px",
        }
      }
    />
    <div
      className="item distant"
      key="7"
      onClick={[Function]}
      style={
        Object {
          "left": "98px",
        }
      }
    />
    <div
      className="item distant"
      key="8"
      onClick={[Function]}
      style={
        Object {
          "left": "112px",
        }
      }
    />
  </div>
</DotNav>
`;

exports[`<DotsNav /> should handle "current" change 6`] = `
<DotNav
  current={4}
  total={9}
>
  <div
    className="root size-s"
    style={
      Object {
        "height": 14,
        "width": 70,
      }
    }
  >
    <div
      className="item distant"
      key="0"
      onClick={[Function]}
      style={
        Object {
          "left": "-14px",
        }
      }
    />
    <div
      className="item distant"
      key="1"
      onClick={[Function]}
      style={
        Object {
          "left": "0px",
        }
      }
    />
    <div
      className="item"
      key="2"
      onClick={[Function]}
      style={
        Object {
          "left": "14px",
        }
      }
    />
    <div
      className="item"
      key="3"
      onClick={[Function]}
      style={
        Object {
          "left": "28px",
        }
      }
    />
    <div
      className="item active"
      key="4"
      onClick={[Function]}
      style={
        Object {
          "left": "42px",
        }
      }
    />
    <div
      className="item distant"
      key="5"
      onClick={[Function]}
      style={
        Object {
          "left": "56px",
        }
      }
    />
    <div
      className="item distant"
      key="6"
      onClick={[Function]}
      style={
        Object {
          "left": "70px",
        }
      }
    />
    <div
      className="item distant"
      key="7"
      onClick={[Function]}
      style={
        Object {
          "left": "84px",
        }
      }
    />
    <div
      className="item distant"
      key="8"
      onClick={[Function]}
      style={
        Object {
          "left": "98px",
        }
      }
    />
  </div>
</DotNav>
`;

exports[`<DotsNav /> should handle "current" change 7`] = `
<DotNav
  current={5}
  total={9}
>
  <div
    className="root size-s"
    style={
      Object {
        "height": 14,
        "width": 70,
      }
    }
  >
    <div
      className="item distant"
      key="0"
      onClick={[Function]}
      style={
        Object {
          "left": "-28px",
        }
      }
    />
    <div
      className="item distant"
      key="1"
      onClick={[Function]}
      style={
        Object {
          "left": "-14px",
        }
      }
    />
    <div
      className="item distant"
      key="2"
      onClick={[Function]}
      style={
        Object {
          "left": "0px",
        }
      }
    />
    <div
      className="item"
      key="3"
      onClick={[Function]}
      style={
        Object {
          "left": "14px",
        }
      }
    />
    <div
      className="item"
      key="4"
      onClick={[Function]}
      style={
        Object {
          "left": "28px",
        }
      }
    />
    <div
      className="item active"
      key="5"
      onClick={[Function]}
      style={
        Object {
          "left": "42px",
        }
      }
    />
    <div
      className="item distant"
      key="6"
      onClick={[Function]}
      style={
        Object {
          "left": "56px",
        }
      }
    />
    <div
      className="item distant"
      key="7"
      onClick={[Function]}
      style={
        Object {
          "left": "70px",
        }
      }
    />
    <div
      className="item distant"
      key="8"
      onClick={[Function]}
      style={
        Object {
          "left": "84px",
        }
      }
    />
  </div>
</DotNav>
`;

exports[`<DotsNav /> should handle "current" change 8`] = `
<DotNav
  current={6}
  total={9}
>
  <div
    className="root size-s"
    style={
      Object {
        "height": 14,
        "width": 70,
      }
    }
  >
    <div
      className="item distant"
      key="0"
      onClick={[Function]}
      style={
        Object {
          "left": "-42px",
        }
      }
    />
    <div
      className="item distant"
      key="1"
      onClick={[Function]}
      style={
        Object {
          "left": "-28px",
        }
      }
    />
    <div
      className="item distant"
      key="2"
      onClick={[Function]}
      style={
        Object {
          "left": "-14px",
        }
      }
    />
    <div
      className="item distant"
      key="3"
      onClick={[Function]}
      style={
        Object {
          "left": "0px",
        }
      }
    />
    <div
      className="item"
      key="4"
      onClick={[Function]}
      style={
        Object {
          "left": "14px",
        }
      }
    />
    <div
      className="item"
      key="5"
      onClick={[Function]}
      style={
        Object {
          "left": "28px",
        }
      }
    />
    <div
      className="item active"
      key="6"
      onClick={[Function]}
      style={
        Object {
          "left": "42px",
        }
      }
    />
    <div
      className="item distant"
      key="7"
      onClick={[Function]}
      style={
        Object {
          "left": "56px",
        }
      }
    />
    <div
      className="item distant"
      key="8"
      onClick={[Function]}
      style={
        Object {
          "left": "70px",
        }
      }
    />
  </div>
</DotNav>
`;

exports[`<DotsNav /> should handle "current" change 9`] = `
<DotNav
  current={7}
  total={9}
>
  <div
    className="root size-s"
    style={
      Object {
        "height": 14,
        "width": 70,
      }
    }
  >
    <div
      className="item distant"
      key="0"
      onClick={[Function]}
      style={
        Object {
          "left": "-56px",
        }
      }
    />
    <div
      className="item distant"
      key="1"
      onClick={[Function]}
      style={
        Object {
          "left": "-42px",
        }
      }
    />
    <div
      className="item distant"
      key="2"
      onClick={[Function]}
      style={
        Object {
          "left": "-28px",
        }
      }
    />
    <div
      className="item distant"
      key="3"
      onClick={[Function]}
      style={
        Object {
          "left": "-14px",
        }
      }
    />
    <div
      className="item distant"
      key="4"
      onClick={[Function]}
      style={
        Object {
          "left": "0px",
        }
      }
    />
    <div
      className="item"
      key="5"
      onClick={[Function]}
      style={
        Object {
          "left": "14px",
        }
      }
    />
    <div
      className="item"
      key="6"
      onClick={[Function]}
      style={
        Object {
          "left": "28px",
        }
      }
    />
    <div
      className="item active"
      key="7"
      onClick={[Function]}
      style={
        Object {
          "left": "42px",
        }
      }
    />
    <div
      className="item distant"
      key="8"
      onClick={[Function]}
      style={
        Object {
          "left": "56px",
        }
      }
    />
  </div>
</DotNav>
`;

exports[`<DotsNav /> should handle "current" change 10`] = `
<DotNav
  current={8}
  total={9}
>
  <div
    className="root size-s"
    style={
      Object {
        "height": 14,
        "width": 70,
      }
    }
  >
    <div
      className="item distant"
      key="0"
      onClick={[Function]}
      style={
        Object {
          "left": "-70px",
        }
      }
    />
    <div
      className="item distant"
      key="1"
      onClick={[Function]}
      style={
        Object {
          "left": "-56px",
        }
      }
    />
    <div
      className="item distant"
      key="2"
      onClick={[Function]}
      style={
        Object {
          "left": "-42px",
        }
      }
    />
    <div
      className="item distant"
      key="3"
      onClick={[Function]}
      style={
        Object {
          "left": "-28px",
        }
      }
    />
    <div
      className="item distant"
      key="4"
      onClick={[Function]}
      style={
        Object {
          "left": "-14px",
        }
      }
    />
    <div
      className="item distant"
      key="5"
      onClick={[Function]}
      style={
        Object {
          "left": "0px",
        }
      }
    />
    <div
      className="item"
      key="6"
      onClick={[Function]}
      style={
        Object {
          "left": "14px",
        }
      }
    />
    <div
      className="item"
      key="7"
      onClick={[Function]}
      style={
        Object {
          "left": "28px",
        }
      }
    />
    <div
      className="item active"
      key="8"
      onClick={[Function]}
      style={
        Object {
          "left": "42px",
        }
      }
    />
  </div>
</DotNav>
`;

exports[`<DotsNav /> should handle "current" change 11`] = `
<DotNav
  current={8}
  total={9}
>
  <div
    className="root size-s"
    style={
      Object {
        "height": 14,
        "width": 70,
      }
    }
  >
    <div
      className="item distant"
      key="0"
      onClick={[Function]}
      style={
        Object {
          "left": "-70px",
        }
      }
    />
    <div
      className="item distant"
      key="1"
      onClick={[Function]}
      style={
        Object {
          "left": "-56px",
        }
      }
    />
    <div
      className="item distant"
      key="2"
      onClick={[Function]}
      style={
        Object {
          "left": "-42px",
        }
      }
    />
    <div
      className="item distant"
      key="3"
      onClick={[Function]}
      style={
        Object {
          "left": "-28px",
        }
      }
    />
    <div
      className="item distant"
      key="4"
      onClick={[Function]}
      style={
        Object {
          "left": "-14px",
        }
      }
    />
    <div
      className="item distant"
      key="5"
      onClick={[Function]}
      style={
        Object {
          "left": "0px",
        }
      }
    />
    <div
      className="item"
      key="6"
      onClick={[Function]}
      style={
        Object {
          "left": "14px",
        }
      }
    />
    <div
      className="item"
      key="7"
      onClick={[Function]}
      style={
        Object {
          "left": "28px",
        }
      }
    />
    <div
      className="item active"
      key="8"
      onClick={[Function]}
      style={
        Object {
          "left": "42px",
        }
      }
    />
  </div>
</DotNav>
`;

exports[`<DotsNav /> should handle "current" change 12`] = `
<DotNav
  current={7}
  total={9}
>
  <div
    className="root size-s"
    style={
      Object {
        "height": 14,
        "width": 70,
      }
    }
  >
    <div
      className="item distant"
      key="0"
      onClick={[Function]}
      style={
        Object {
          "left": "-70px",
        }
      }
    />
    <div
      className="item distant"
      key="1"
      onClick={[Function]}
      style={
        Object {
          "left": "-56px",
        }
      }
    />
    <div
      className="item distant"
      key="2"
      onClick={[Function]}
      style={
        Object {
          "left": "-42px",
        }
      }
    />
    <div
      className="item distant"
      key="3"
      onClick={[Function]}
      style={
        Object {
          "left": "-28px",
        }
      }
    />
    <div
      className="item distant"
      key="4"
      onClick={[Function]}
      style={
        Object {
          "left": "-14px",
        }
      }
    />
    <div
      className="item distant"
      key="5"
      onClick={[Function]}
      style={
        Object {
          "left": "0px",
        }
      }
    />
    <div
      className="item"
      key="6"
      onClick={[Function]}
      style={
        Object {
          "left": "14px",
        }
      }
    />
    <div
      className="item active"
      key="7"
      onClick={[Function]}
      style={
        Object {
          "left": "28px",
        }
      }
    />
    <div
      className="item"
      key="8"
      onClick={[Function]}
      style={
        Object {
          "left": "42px",
        }
      }
    />
  </div>
</DotNav>
`;

exports[`<DotsNav /> should handle "current" change 13`] = `
<DotNav
  current={6}
  total={9}
>
  <div
    className="root size-s"
    style={
      Object {
        "height": 14,
        "width": 70,
      }
    }
  >
    <div
      className="item distant"
      key="0"
      onClick={[Function]}
      style={
        Object {
          "left": "-70px",
        }
      }
    />
    <div
      className="item distant"
      key="1"
      onClick={[Function]}
      style={
        Object {
          "left": "-56px",
        }
      }
    />
    <div
      className="item distant"
      key="2"
      onClick={[Function]}
      style={
        Object {
          "left": "-42px",
        }
      }
    />
    <div
      className="item distant"
      key="3"
      onClick={[Function]}
      style={
        Object {
          "left": "-28px",
        }
      }
    />
    <div
      className="item distant"
      key="4"
      onClick={[Function]}
      style={
        Object {
          "left": "-14px",
        }
      }
    />
    <div
      className="item distant"
      key="5"
      onClick={[Function]}
      style={
        Object {
          "left": "0px",
        }
      }
    />
    <div
      className="item active"
      key="6"
      onClick={[Function]}
      style={
        Object {
          "left": "14px",
        }
      }
    />
    <div
      className="item"
      key="7"
      onClick={[Function]}
      style={
        Object {
          "left": "28px",
        }
      }
    />
    <div
      className="item"
      key="8"
      onClick={[Function]}
      style={
        Object {
          "left": "42px",
        }
      }
    />
  </div>
</DotNav>
`;

exports[`<DotsNav /> should handle "current" change 14`] = `
<DotNav
  current={5}
  total={9}
>
  <div
    className="root size-s"
    style={
      Object {
        "height": 14,
        "width": 70,
      }
    }
  >
    <div
      className="item distant"
      key="0"
      onClick={[Function]}
      style={
        Object {
          "left": "-56px",
        }
      }
    />
    <div
      className="item distant"
      key="1"
      onClick={[Function]}
      style={
        Object {
          "left": "-42px",
        }
      }
    />
    <div
      className="item distant"
      key="2"
      onClick={[Function]}
      style={
        Object {
          "left": "-28px",
        }
      }
    />
    <div
      className="item distant"
      key="3"
      onClick={[Function]}
      style={
        Object {
          "left": "-14px",
        }
      }
    />
    <div
      className="item distant"
      key="4"
      onClick={[Function]}
      style={
        Object {
          "left": "0px",
        }
      }
    />
    <div
      className="item active"
      key="5"
      onClick={[Function]}
      style={
        Object {
          "left": "14px",
        }
      }
    />
    <div
      className="item"
      key="6"
      onClick={[Function]}
      style={
        Object {
          "left": "28px",
        }
      }
    />
    <div
      className="item"
      key="7"
      onClick={[Function]}
      style={
        Object {
          "left": "42px",
        }
      }
    />
    <div
      className="item distant"
      key="8"
      onClick={[Function]}
      style={
        Object {
          "left": "56px",
        }
      }
    />
  </div>
</DotNav>
`;

exports[`<DotsNav /> should handle "current" change 15`] = `
<DotNav
  current={4}
  total={9}
>
  <div
    className="root size-s"
    style={
      Object {
        "height": 14,
        "width": 70,
      }
    }
  >
    <div
      className="item distant"
      key="0"
      onClick={[Function]}
      style={
        Object {
          "left": "-42px",
        }
      }
    />
    <div
      className="item distant"
      key="1"
      onClick={[Function]}
      style={
        Object {
          "left": "-28px",
        }
      }
    />
    <div
      className="item distant"
      key="2"
      onClick={[Function]}
      style={
        Object {
          "left": "-14px",
        }
      }
    />
    <div
      className="item distant"
      key="3"
      onClick={[Function]}
      style={
        Object {
          "left": "0px",
        }
      }
    />
    <div
      className="item active"
      key="4"
      onClick={[Function]}
      style={
        Object {
          "left": "14px",
        }
      }
    />
    <div
      className="item"
      key="5"
      onClick={[Function]}
      style={
        Object {
          "left": "28px",
        }
      }
    />
    <div
      className="item"
      key="6"
      onClick={[Function]}
      style={
        Object {
          "left": "42px",
        }
      }
    />
    <div
      className="item distant"
      key="7"
      onClick={[Function]}
      style={
        Object {
          "left": "56px",
        }
      }
    />
    <div
      className="item distant"
      key="8"
      onClick={[Function]}
      style={
        Object {
          "left": "70px",
        }
      }
    />
  </div>
</DotNav>
`;

exports[`<DotsNav /> should handle "current" change 16`] = `
<DotNav
  current={3}
  total={9}
>
  <div
    className="root size-s"
    style={
      Object {
        "height": 14,
        "width": 70,
      }
    }
  >
    <div
      className="item distant"
      key="0"
      onClick={[Function]}
      style={
        Object {
          "left": "-28px",
        }
      }
    />
    <div
      className="item distant"
      key="1"
      onClick={[Function]}
      style={
        Object {
          "left": "-14px",
        }
      }
    />
    <div
      className="item distant"
      key="2"
      onClick={[Function]}
      style={
        Object {
          "left": "0px",
        }
      }
    />
    <div
      className="item active"
      key="3"
      onClick={[Function]}
      style={
        Object {
          "left": "14px",
        }
      }
    />
    <div
      className="item"
      key="4"
      onClick={[Function]}
      style={
        Object {
          "left": "28px",
        }
      }
    />
    <div
      className="item"
      key="5"
      onClick={[Function]}
      style={
        Object {
          "left": "42px",
        }
      }
    />
    <div
      className="item distant"
      key="6"
      onClick={[Function]}
      style={
        Object {
          "left": "56px",
        }
      }
    />
    <div
      className="item distant"
      key="7"
      onClick={[Function]}
      style={
        Object {
          "left": "70px",
        }
      }
    />
    <div
      className="item distant"
      key="8"
      onClick={[Function]}
      style={
        Object {
          "left": "84px",
        }
      }
    />
  </div>
</DotNav>
`;

exports[`<DotsNav /> should handle "current" change 17`] = `
<DotNav
  current={2}
  total={9}
>
  <div
    className="root size-s"
    style={
      Object {
        "height": 14,
        "width": 70,
      }
    }
  >
    <div
      className="item distant"
      key="0"
      onClick={[Function]}
      style={
        Object {
          "left": "-14px",
        }
      }
    />
    <div
      className="item distant"
      key="1"
      onClick={[Function]}
      style={
        Object {
          "left": "0px",
        }
      }
    />
    <div
      className="item active"
      key="2"
      onClick={[Function]}
      style={
        Object {
          "left": "14px",
        }
      }
    />
    <div
      className="item"
      key="3"
      onClick={[Function]}
      style={
        Object {
          "left": "28px",
        }
      }
    />
    <div
      className="item"
      key="4"
      onClick={[Function]}
      style={
        Object {
          "left": "42px",
        }
      }
    />
    <div
      className="item distant"
      key="5"
      onClick={[Function]}
      style={
        Object {
          "left": "56px",
        }
      }
    />
    <div
      className="item distant"
      key="6"
      onClick={[Function]}
      style={
        Object {
          "left": "70px",
        }
      }
    />
    <div
      className="item distant"
      key="7"
      onClick={[Function]}
      style={
        Object {
          "left": "84px",
        }
      }
    />
    <div
      className="item distant"
      key="8"
      onClick={[Function]}
      style={
        Object {
          "left": "98px",
        }
      }
    />
  </div>
</DotNav>
`;

exports[`<DotsNav /> should handle "current" change 18`] = `
<DotNav
  current={1}
  total={9}
>
  <div
    className="root size-s"
    style={
      Object {
        "height": 14,
        "width": 70,
      }
    }
  >
    <div
      className="item distant"
      key="0"
      onClick={[Function]}
      style={
        Object {
          "left": "0px",
        }
      }
    />
    <div
      className="item active"
      key="1"
      onClick={[Function]}
      style={
        Object {
          "left": "14px",
        }
      }
    />
    <div
      className="item"
      key="2"
      onClick={[Function]}
      style={
        Object {
          "left": "28px",
        }
      }
    />
    <div
      className="item"
      key="3"
      onClick={[Function]}
      style={
        Object {
          "left": "42px",
        }
      }
    />
    <div
      className="item distant"
      key="4"
      onClick={[Function]}
      style={
        Object {
          "left": "56px",
        }
      }
    />
    <div
      className="item distant"
      key="5"
      onClick={[Function]}
      style={
        Object {
          "left": "70px",
        }
      }
    />
    <div
      className="item distant"
      key="6"
      onClick={[Function]}
      style={
        Object {
          "left": "84px",
        }
      }
    />
    <div
      className="item distant"
      key="7"
      onClick={[Function]}
      style={
        Object {
          "left": "98px",
        }
      }
    />
    <div
      className="item distant"
      key="8"
      onClick={[Function]}
      style={
        Object {
          "left": "112px",
        }
      }
    />
  </div>
</DotNav>
`;

exports[`<DotsNav /> should handle "current" change 19`] = `
<DotNav
  current={0}
  total={9}
>
  <div
    className="root size-s"
    style={
      Object {
        "height": 14,
        "width": 70,
      }
    }
  >
    <div
      className="item active"
      key="0"
      onClick={[Function]}
      style={
        Object {
          "left": "14px",
        }
      }
    />
    <div
      className="item"
      key="1"
      onClick={[Function]}
      style={
        Object {
          "left": "28px",
        }
      }
    />
    <div
      className="item"
      key="2"
      onClick={[Function]}
      style={
        Object {
          "left": "42px",
        }
      }
    />
    <div
      className="item distant"
      key="3"
      onClick={[Function]}
      style={
        Object {
          "left": "56px",
        }
      }
    />
    <div
      className="item distant"
      key="4"
      onClick={[Function]}
      style={
        Object {
          "left": "70px",
        }
      }
    />
    <div
      className="item distant"
      key="5"
      onClick={[Function]}
      style={
        Object {
          "left": "84px",
        }
      }
    />
    <div
      className="item distant"
      key="6"
      onClick={[Function]}
      style={
        Object {
          "left": "98px",
        }
      }
    />
    <div
      className="item distant"
      key="7"
      onClick={[Function]}
      style={
        Object {
          "left": "112px",
        }
      }
    />
    <div
      className="item distant"
      key="8"
      onClick={[Function]}
      style={
        Object {
          "left": "126px",
        }
      }
    />
  </div>
</DotNav>
`;

exports[`<DotsNav /> should handle "size" prop 1`] = `
<DotNav
  current={0}
  size="l"
  total={9}
>
  <div
    className="root size-l"
    style={
      Object {
        "height": 14,
        "width": 94,
      }
    }
  >
    <div
      className="item active"
      key="0"
      onClick={[Function]}
      style={
        Object {
          "left": "20px",
        }
      }
    />
    <div
      className="item"
      key="1"
      onClick={[Function]}
      style={
        Object {
          "left": "40px",
        }
      }
    />
    <div
      className="item"
      key="2"
      onClick={[Function]}
      style={
        Object {
          "left": "60px",
        }
      }
    />
    <div
      className="item distant"
      key="3"
      onClick={[Function]}
      style={
        Object {
          "left": "80px",
        }
      }
    />
    <div
      className="item distant"
      key="4"
      onClick={[Function]}
      style={
        Object {
          "left": "100px",
        }
      }
    />
    <div
      className="item distant"
      key="5"
      onClick={[Function]}
      style={
        Object {
          "left": "120px",
        }
      }
    />
    <div
      className="item distant"
      key="6"
      onClick={[Function]}
      style={
        Object {
          "left": "140px",
        }
      }
    />
    <div
      className="item distant"
      key="7"
      onClick={[Function]}
      style={
        Object {
          "left": "160px",
        }
      }
    />
    <div
      className="item distant"
      key="8"
      onClick={[Function]}
      style={
        Object {
          "left": "180px",
        }
      }
    />
  </div>
</DotNav>
`;

exports[`<DotsNav /> should handle "size" prop 2`] = `
<DotNav
  current={0}
  size="l"
  total={9}
>
  <div
    className="root size-l"
    style={
      Object {
        "height": 14,
        "width": 94,
      }
    }
  >
    <div
      className="item active"
      key="0"
      onClick={[Function]}
      style={
        Object {
          "left": "20px",
        }
      }
    />
    <div
      className="item"
      key="1"
      onClick={[Function]}
      style={
        Object {
          "left": "40px",
        }
      }
    />
    <div
      className="item"
      key="2"
      onClick={[Function]}
      style={
        Object {
          "left": "60px",
        }
      }
    />
    <div
      className="item distant"
      key="3"
      onClick={[Function]}
      style={
        Object {
          "left": "80px",
        }
      }
    />
    <div
      className="item distant"
      key="4"
      onClick={[Function]}
      style={
        Object {
          "left": "100px",
        }
      }
    />
    <div
      className="item distant"
      key="5"
      onClick={[Function]}
      style={
        Object {
          "left": "120px",
        }
      }
    />
    <div
      className="item distant"
      key="6"
      onClick={[Function]}
      style={
        Object {
          "left": "140px",
        }
      }
    />
    <div
      className="item distant"
      key="7"
      onClick={[Function]}
      style={
        Object {
          "left": "160px",
        }
      }
    />
    <div
      className="item distant"
      key="8"
      onClick={[Function]}
      style={
        Object {
          "left": "180px",
        }
      }
    />
  </div>
</DotNav>
`;

exports[`<DotsNav /> should handle "size" prop 3`] = `
<DotNav
  current={1}
  size="l"
  total={9}
>
  <div
    className="root size-l"
    style={
      Object {
        "height": 14,
        "width": 94,
      }
    }
  >
    <div
      className="item"
      key="0"
      onClick={[Function]}
      style={
        Object {
          "left": "20px",
        }
      }
    />
    <div
      className="item active"
      key="1"
      onClick={[Function]}
      style={
        Object {
          "left": "40px",
        }
      }
    />
    <div
      className="item"
      key="2"
      onClick={[Function]}
      style={
        Object {
          "left": "60px",
        }
      }
    />
    <div
      className="item distant"
      key="3"
      onClick={[Function]}
      style={
        Object {
          "left": "80px",
        }
      }
    />
    <div
      className="item distant"
      key="4"
      onClick={[Function]}
      style={
        Object {
          "left": "100px",
        }
      }
    />
    <div
      className="item distant"
      key="5"
      onClick={[Function]}
      style={
        Object {
          "left": "120px",
        }
      }
    />
    <div
      className="item distant"
      key="6"
      onClick={[Function]}
      style={
        Object {
          "left": "140px",
        }
      }
    />
    <div
      className="item distant"
      key="7"
      onClick={[Function]}
      style={
        Object {
          "left": "160px",
        }
      }
    />
    <div
      className="item distant"
      key="8"
      onClick={[Function]}
      style={
        Object {
          "left": "180px",
        }
      }
    />
  </div>
</DotNav>
`;

exports[`<DotsNav /> should handle "size" prop 4`] = `
<DotNav
  current={2}
  size="l"
  total={9}
>
  <div
    className="root size-l"
    style={
      Object {
        "height": 14,
        "width": 94,
      }
    }
  >
    <div
      className="item"
      key="0"
      onClick={[Function]}
      style={
        Object {
          "left": "20px",
        }
      }
    />
    <div
      className="item"
      key="1"
      onClick={[Function]}
      style={
        Object {
          "left": "40px",
        }
      }
    />
    <div
      className="item active"
      key="2"
      onClick={[Function]}
      style={
        Object {
          "left": "60px",
        }
      }
    />
    <div
      className="item distant"
      key="3"
      onClick={[Function]}
      style={
        Object {
          "left": "80px",
        }
      }
    />
    <div
      className="item distant"
      key="4"
      onClick={[Function]}
      style={
        Object {
          "left": "100px",
        }
      }
    />
    <div
      className="item distant"
      key="5"
      onClick={[Function]}
      style={
        Object {
          "left": "120px",
        }
      }
    />
    <div
      className="item distant"
      key="6"
      onClick={[Function]}
      style={
        Object {
          "left": "140px",
        }
      }
    />
    <div
      className="item distant"
      key="7"
      onClick={[Function]}
      style={
        Object {
          "left": "160px",
        }
      }
    />
    <div
      className="item distant"
      key="8"
      onClick={[Function]}
      style={
        Object {
          "left": "180px",
        }
      }
    />
  </div>
</DotNav>
`;

exports[`<DotsNav /> should handle "size" prop 5`] = `
<DotNav
  current={3}
  size="l"
  total={9}
>
  <div
    className="root size-l"
    style={
      Object {
        "height": 14,
        "width": 94,
      }
    }
  >
    <div
      className="item distant"
      key="0"
      onClick={[Function]}
      style={
        Object {
          "left": "0px",
        }
      }
    />
    <div
      className="item"
      key="1"
      onClick={[Function]}
      style={
        Object {
          "left": "20px",
        }
      }
    />
    <div
      className="item"
      key="2"
      onClick={[Function]}
      style={
        Object {
          "left": "40px",
        }
      }
    />
    <div
      className="item active"
      key="3"
      onClick={[Function]}
      style={
        Object {
          "left": "60px",
        }
      }
    />
    <div
      className="item distant"
      key="4"
      onClick={[Function]}
      style={
        Object {
          "left": "80px",
        }
      }
    />
    <div
      className="item distant"
      key="5"
      onClick={[Function]}
      style={
        Object {
          "left": "100px",
        }
      }
    />
    <div
      className="item distant"
      key="6"
      onClick={[Function]}
      style={
        Object {
          "left": "120px",
        }
      }
    />
    <div
      className="item distant"
      key="7"
      onClick={[Function]}
      style={
        Object {
          "left": "140px",
        }
      }
    />
    <div
      className="item distant"
      key="8"
      onClick={[Function]}
      style={
        Object {
          "left": "160px",
        }
      }
    />
  </div>
</DotNav>
`;

exports[`<DotsNav /> should handle "size" prop 6`] = `
<DotNav
  current={4}
  size="l"
  total={9}
>
  <div
    className="root size-l"
    style={
      Object {
        "height": 14,
        "width": 94,
      }
    }
  >
    <div
      className="item distant"
      key="0"
      onClick={[Function]}
      style={
        Object {
          "left": "-20px",
        }
      }
    />
    <div
      className="item distant"
      key="1"
      onClick={[Function]}
      style={
        Object {
          "left": "0px",
        }
      }
    />
    <div
      className="item"
      key="2"
      onClick={[Function]}
      style={
        Object {
          "left": "20px",
        }
      }
    />
    <div
      className="item"
      key="3"
      onClick={[Function]}
      style={
        Object {
          "left": "40px",
        }
      }
    />
    <div
      className="item active"
      key="4"
      onClick={[Function]}
      style={
        Object {
          "left": "60px",
        }
      }
    />
    <div
      className="item distant"
      key="5"
      onClick={[Function]}
      style={
        Object {
          "left": "80px",
        }
      }
    />
    <div
      className="item distant"
      key="6"
      onClick={[Function]}
      style={
        Object {
          "left": "100px",
        }
      }
    />
    <div
      className="item distant"
      key="7"
      onClick={[Function]}
      style={
        Object {
          "left": "120px",
        }
      }
    />
    <div
      className="item distant"
      key="8"
      onClick={[Function]}
      style={
        Object {
          "left": "140px",
        }
      }
    />
  </div>
</DotNav>
`;

exports[`<DotsNav /> should handle "size" prop 7`] = `
<DotNav
  current={5}
  size="l"
  total={9}
>
  <div
    className="root size-l"
    style={
      Object {
        "height": 14,
        "width": 94,
      }
    }
  >
    <div
      className="item distant"
      key="0"
      onClick={[Function]}
      style={
        Object {
          "left": "-40px",
        }
      }
    />
    <div
      className="item distant"
      key="1"
      onClick={[Function]}
      style={
        Object {
          "left": "-20px",
        }
      }
    />
    <div
      className="item distant"
      key="2"
      onClick={[Function]}
      style={
        Object {
          "left": "0px",
        }
      }
    />
    <div
      className="item"
      key="3"
      onClick={[Function]}
      style={
        Object {
          "left": "20px",
        }
      }
    />
    <div
      className="item"
      key="4"
      onClick={[Function]}
      style={
        Object {
          "left": "40px",
        }
      }
    />
    <div
      className="item active"
      key="5"
      onClick={[Function]}
      style={
        Object {
          "left": "60px",
        }
      }
    />
    <div
      className="item distant"
      key="6"
      onClick={[Function]}
      style={
        Object {
          "left": "80px",
        }
      }
    />
    <div
      className="item distant"
      key="7"
      onClick={[Function]}
      style={
        Object {
          "left": "100px",
        }
      }
    />
    <div
      className="item distant"
      key="8"
      onClick={[Function]}
      style={
        Object {
          "left": "120px",
        }
      }
    />
  </div>
</DotNav>
`;

exports[`<DotsNav /> should handle "size" prop 8`] = `
<DotNav
  current={6}
  size="l"
  total={9}
>
  <div
    className="root size-l"
    style={
      Object {
        "height": 14,
        "width": 94,
      }
    }
  >
    <div
      className="item distant"
      key="0"
      onClick={[Function]}
      style={
        Object {
          "left": "-60px",
        }
      }
    />
    <div
      className="item distant"
      key="1"
      onClick={[Function]}
      style={
        Object {
          "left": "-40px",
        }
      }
    />
    <div
      className="item distant"
      key="2"
      onClick={[Function]}
      style={
        Object {
          "left": "-20px",
        }
      }
    />
    <div
      className="item distant"
      key="3"
      onClick={[Function]}
      style={
        Object {
          "left": "0px",
        }
      }
    />
    <div
      className="item"
      key="4"
      onClick={[Function]}
      style={
        Object {
          "left": "20px",
        }
      }
    />
    <div
      className="item"
      key="5"
      onClick={[Function]}
      style={
        Object {
          "left": "40px",
        }
      }
    />
    <div
      className="item active"
      key="6"
      onClick={[Function]}
      style={
        Object {
          "left": "60px",
        }
      }
    />
    <div
      className="item distant"
      key="7"
      onClick={[Function]}
      style={
        Object {
          "left": "80px",
        }
      }
    />
    <div
      className="item distant"
      key="8"
      onClick={[Function]}
      style={
        Object {
          "left": "100px",
        }
      }
    />
  </div>
</DotNav>
`;

exports[`<DotsNav /> should handle "size" prop 9`] = `
<DotNav
  current={7}
  size="l"
  total={9}
>
  <div
    className="root size-l"
    style={
      Object {
        "height": 14,
        "width": 94,
      }
    }
  >
    <div
      className="item distant"
      key="0"
      onClick={[Function]}
      style={
        Object {
          "left": "-80px",
        }
      }
    />
    <div
      className="item distant"
      key="1"
      onClick={[Function]}
      style={
        Object {
          "left": "-60px",
        }
      }
    />
    <div
      className="item distant"
      key="2"
      onClick={[Function]}
      style={
        Object {
          "left": "-40px",
        }
      }
    />
    <div
      className="item distant"
      key="3"
      onClick={[Function]}
      style={
        Object {
          "left": "-20px",
        }
      }
    />
    <div
      className="item distant"
      key="4"
      onClick={[Function]}
      style={
        Object {
          "left": "0px",
        }
      }
    />
    <div
      className="item"
      key="5"
      onClick={[Function]}
      style={
        Object {
          "left": "20px",
        }
      }
    />
    <div
      className="item"
      key="6"
      onClick={[Function]}
      style={
        Object {
          "left": "40px",
        }
      }
    />
    <div
      className="item active"
      key="7"
      onClick={[Function]}
      style={
        Object {
          "left": "60px",
        }
      }
    />
    <div
      className="item distant"
      key="8"
      onClick={[Function]}
      style={
        Object {
          "left": "80px",
        }
      }
    />
  </div>
</DotNav>
`;

exports[`<DotsNav /> should handle "size" prop 10`] = `
<DotNav
  current={8}
  size="l"
  total={9}
>
  <div
    className="root size-l"
    style={
      Object {
        "height": 14,
        "width": 94,
      }
    }
  >
    <div
      className="item distant"
      key="0"
      onClick={[Function]}
      style={
        Object {
          "left": "-100px",
        }
      }
    />
    <div
      className="item distant"
      key="1"
      onClick={[Function]}
      style={
        Object {
          "left": "-80px",
        }
      }
    />
    <div
      className="item distant"
      key="2"
      onClick={[Function]}
      style={
        Object {
          "left": "-60px",
        }
      }
    />
    <div
      className="item distant"
      key="3"
      onClick={[Function]}
      style={
        Object {
          "left": "-40px",
        }
      }
    />
    <div
      className="item distant"
      key="4"
      onClick={[Function]}
      style={
        Object {
          "left": "-20px",
        }
      }
    />
    <div
      className="item distant"
      key="5"
      onClick={[Function]}
      style={
        Object {
          "left": "0px",
        }
      }
    />
    <div
      className="item"
      key="6"
      onClick={[Function]}
      style={
        Object {
          "left": "20px",
        }
      }
    />
    <div
      className="item"
      key="7"
      onClick={[Function]}
      style={
        Object {
          "left": "40px",
        }
      }
    />
    <div
      className="item active"
      key="8"
      onClick={[Function]}
      style={
        Object {
          "left": "60px",
        }
      }
    />
  </div>
</DotNav>
`;

exports[`<DotsNav /> should handle "size" prop 11`] = `
<DotNav
  current={8}
  size="l"
  total={9}
>
  <div
    className="root size-l"
    style={
      Object {
        "height": 14,
        "width": 94,
      }
    }
  >
    <div
      className="item distant"
      key="0"
      onClick={[Function]}
      style={
        Object {
          "left": "-100px",
        }
      }
    />
    <div
      className="item distant"
      key="1"
      onClick={[Function]}
      style={
        Object {
          "left": "-80px",
        }
      }
    />
    <div
      className="item distant"
      key="2"
      onClick={[Function]}
      style={
        Object {
          "left": "-60px",
        }
      }
    />
    <div
      className="item distant"
      key="3"
      onClick={[Function]}
      style={
        Object {
          "left": "-40px",
        }
      }
    />
    <div
      className="item distant"
      key="4"
      onClick={[Function]}
      style={
        Object {
          "left": "-20px",
        }
      }
    />
    <div
      className="item distant"
      key="5"
      onClick={[Function]}
      style={
        Object {
          "left": "0px",
        }
      }
    />
    <div
      className="item"
      key="6"
      onClick={[Function]}
      style={
        Object {
          "left": "20px",
        }
      }
    />
    <div
      className="item"
      key="7"
      onClick={[Function]}
      style={
        Object {
          "left": "40px",
        }
      }
    />
    <div
      className="item active"
      key="8"
      onClick={[Function]}
      style={
        Object {
          "left": "60px",
        }
      }
    />
  </div>
</DotNav>
`;

exports[`<DotsNav /> should handle "size" prop 12`] = `
<DotNav
  current={7}
  size="l"
  total={9}
>
  <div
    className="root size-l"
    style={
      Object {
        "height": 14,
        "width": 94,
      }
    }
  >
    <div
      className="item distant"
      key="0"
      onClick={[Function]}
      style={
        Object {
          "left": "-100px",
        }
      }
    />
    <div
      className="item distant"
      key="1"
      onClick={[Function]}
      style={
        Object {
          "left": "-80px",
        }
      }
    />
    <div
      className="item distant"
      key="2"
      onClick={[Function]}
      style={
        Object {
          "left": "-60px",
        }
      }
    />
    <div
      className="item distant"
      key="3"
      onClick={[Function]}
      style={
        Object {
          "left": "-40px",
        }
      }
    />
    <div
      className="item distant"
      key="4"
      onClick={[Function]}
      style={
        Object {
          "left": "-20px",
        }
      }
    />
    <div
      className="item distant"
      key="5"
      onClick={[Function]}
      style={
        Object {
          "left": "0px",
        }
      }
    />
    <div
      className="item"
      key="6"
      onClick={[Function]}
      style={
        Object {
          "left": "20px",
        }
      }
    />
    <div
      className="item active"
      key="7"
      onClick={[Function]}
      style={
        Object {
          "left": "40px",
        }
      }
    />
    <div
      className="item"
      key="8"
      onClick={[Function]}
      style={
        Object {
          "left": "60px",
        }
      }
    />
  </div>
</DotNav>
`;

exports[`<DotsNav /> should handle "size" prop 13`] = `
<DotNav
  current={6}
  size="l"
  total={9}
>
  <div
    className="root size-l"
    style={
      Object {
        "height": 14,
        "width": 94,
      }
    }
  >
    <div
      className="item distant"
      key="0"
      onClick={[Function]}
      style={
        Object {
          "left": "-100px",
        }
      }
    />
    <div
      className="item distant"
      key="1"
      onClick={[Function]}
      style={
        Object {
          "left": "-80px",
        }
      }
    />
    <div
      className="item distant"
      key="2"
      onClick={[Function]}
      style={
        Object {
          "left": "-60px",
        }
      }
    />
    <div
      className="item distant"
      key="3"
      onClick={[Function]}
      style={
        Object {
          "left": "-40px",
        }
      }
    />
    <div
      className="item distant"
      key="4"
      onClick={[Function]}
      style={
        Object {
          "left": "-20px",
        }
      }
    />
    <div
      className="item distant"
      key="5"
      onClick={[Function]}
      style={
        Object {
          "left": "0px",
        }
      }
    />
    <div
      className="item active"
      key="6"
      onClick={[Function]}
      style={
        Object {
          "left": "20px",
        }
      }
    />
    <div
      className="item"
      key="7"
      onClick={[Function]}
      style={
        Object {
          "left": "40px",
        }
      }
    />
    <div
      className="item"
      key="8"
      onClick={[Function]}
      style={
        Object {
          "left": "60px",
        }
      }
    />
  </div>
</DotNav>
`;

exports[`<DotsNav /> should handle "size" prop 14`] = `
<DotNav
  current={5}
  size="l"
  total={9}
>
  <div
    className="root size-l"
    style={
      Object {
        "height": 14,
        "width": 94,
      }
    }
  >
    <div
      className="item distant"
      key="0"
      onClick={[Function]}
      style={
        Object {
          "left": "-80px",
        }
      }
    />
    <div
      className="item distant"
      key="1"
      onClick={[Function]}
      style={
        Object {
          "left": "-60px",
        }
      }
    />
    <div
      className="item distant"
      key="2"
      onClick={[Function]}
      style={
        Object {
          "left": "-40px",
        }
      }
    />
    <div
      className="item distant"
      key="3"
      onClick={[Function]}
      style={
        Object {
          "left": "-20px",
        }
      }
    />
    <div
      className="item distant"
      key="4"
      onClick={[Function]}
      style={
        Object {
          "left": "0px",
        }
      }
    />
    <div
      className="item active"
      key="5"
      onClick={[Function]}
      style={
        Object {
          "left": "20px",
        }
      }
    />
    <div
      className="item"
      key="6"
      onClick={[Function]}
      style={
        Object {
          "left": "40px",
        }
      }
    />
    <div
      className="item"
      key="7"
      onClick={[Function]}
      style={
        Object {
          "left": "60px",
        }
      }
    />
    <div
      className="item distant"
      key="8"
      onClick={[Function]}
      style={
        Object {
          "left": "80px",
        }
      }
    />
  </div>
</DotNav>
`;

exports[`<DotsNav /> should handle "size" prop 15`] = `
<DotNav
  current={4}
  size="l"
  total={9}
>
  <div
    className="root size-l"
    style={
      Object {
        "height": 14,
        "width": 94,
      }
    }
  >
    <div
      className="item distant"
      key="0"
      onClick={[Function]}
      style={
        Object {
          "left": "-60px",
        }
      }
    />
    <div
      className="item distant"
      key="1"
      onClick={[Function]}
      style={
        Object {
          "left": "-40px",
        }
      }
    />
    <div
      className="item distant"
      key="2"
      onClick={[Function]}
      style={
        Object {
          "left": "-20px",
        }
      }
    />
    <div
      className="item distant"
      key="3"
      onClick={[Function]}
      style={
        Object {
          "left": "0px",
        }
      }
    />
    <div
      className="item active"
      key="4"
      onClick={[Function]}
      style={
        Object {
          "left": "20px",
        }
      }
    />
    <div
      className="item"
      key="5"
      onClick={[Function]}
      style={
        Object {
          "left": "40px",
        }
      }
    />
    <div
      className="item"
      key="6"
      onClick={[Function]}
      style={
        Object {
          "left": "60px",
        }
      }
    />
    <div
      className="item distant"
      key="7"
      onClick={[Function]}
      style={
        Object {
          "left": "80px",
        }
      }
    />
    <div
      className="item distant"
      key="8"
      onClick={[Function]}
      style={
        Object {
          "left": "100px",
        }
      }
    />
  </div>
</DotNav>
`;

exports[`<DotsNav /> should handle "size" prop 16`] = `
<DotNav
  current={3}
  size="l"
  total={9}
>
  <div
    className="root size-l"
    style={
      Object {
        "height": 14,
        "width": 94,
      }
    }
  >
    <div
      className="item distant"
      key="0"
      onClick={[Function]}
      style={
        Object {
          "left": "-40px",
        }
      }
    />
    <div
      className="item distant"
      key="1"
      onClick={[Function]}
      style={
        Object {
          "left": "-20px",
        }
      }
    />
    <div
      className="item distant"
      key="2"
      onClick={[Function]}
      style={
        Object {
          "left": "0px",
        }
      }
    />
    <div
      className="item active"
      key="3"
      onClick={[Function]}
      style={
        Object {
          "left": "20px",
        }
      }
    />
    <div
      className="item"
      key="4"
      onClick={[Function]}
      style={
        Object {
          "left": "40px",
        }
      }
    />
    <div
      className="item"
      key="5"
      onClick={[Function]}
      style={
        Object {
          "left": "60px",
        }
      }
    />
    <div
      className="item distant"
      key="6"
      onClick={[Function]}
      style={
        Object {
          "left": "80px",
        }
      }
    />
    <div
      className="item distant"
      key="7"
      onClick={[Function]}
      style={
        Object {
          "left": "100px",
        }
      }
    />
    <div
      className="item distant"
      key="8"
      onClick={[Function]}
      style={
        Object {
          "left": "120px",
        }
      }
    />
  </div>
</DotNav>
`;

exports[`<DotsNav /> should handle "size" prop 17`] = `
<DotNav
  current={2}
  size="l"
  total={9}
>
  <div
    className="root size-l"
    style={
      Object {
        "height": 14,
        "width": 94,
      }
    }
  >
    <div
      className="item distant"
      key="0"
      onClick={[Function]}
      style={
        Object {
          "left": "-20px",
        }
      }
    />
    <div
      className="item distant"
      key="1"
      onClick={[Function]}
      style={
        Object {
          "left": "0px",
        }
      }
    />
    <div
      className="item active"
      key="2"
      onClick={[Function]}
      style={
        Object {
          "left": "20px",
        }
      }
    />
    <div
      className="item"
      key="3"
      onClick={[Function]}
      style={
        Object {
          "left": "40px",
        }
      }
    />
    <div
      className="item"
      key="4"
      onClick={[Function]}
      style={
        Object {
          "left": "60px",
        }
      }
    />
    <div
      className="item distant"
      key="5"
      onClick={[Function]}
      style={
        Object {
          "left": "80px",
        }
      }
    />
    <div
      className="item distant"
      key="6"
      onClick={[Function]}
      style={
        Object {
          "left": "100px",
        }
      }
    />
    <div
      className="item distant"
      key="7"
      onClick={[Function]}
      style={
        Object {
          "left": "120px",
        }
      }
    />
    <div
      className="item distant"
      key="8"
      onClick={[Function]}
      style={
        Object {
          "left": "140px",
        }
      }
    />
  </div>
</DotNav>
`;

exports[`<DotsNav /> should handle "size" prop 18`] = `
<DotNav
  current={1}
  size="l"
  total={9}
>
  <div
    className="root size-l"
    style={
      Object {
        "height": 14,
        "width": 94,
      }
    }
  >
    <div
      className="item distant"
      key="0"
      onClick={[Function]}
      style={
        Object {
          "left": "0px",
        }
      }
    />
    <div
      className="item active"
      key="1"
      onClick={[Function]}
      style={
        Object {
          "left": "20px",
        }
      }
    />
    <div
      className="item"
      key="2"
      onClick={[Function]}
      style={
        Object {
          "left": "40px",
        }
      }
    />
    <div
      className="item"
      key="3"
      onClick={[Function]}
      style={
        Object {
          "left": "60px",
        }
      }
    />
    <div
      className="item distant"
      key="4"
      onClick={[Function]}
      style={
        Object {
          "left": "80px",
        }
      }
    />
    <div
      className="item distant"
      key="5"
      onClick={[Function]}
      style={
        Object {
          "left": "100px",
        }
      }
    />
    <div
      className="item distant"
      key="6"
      onClick={[Function]}
      style={
        Object {
          "left": "120px",
        }
      }
    />
    <div
      className="item distant"
      key="7"
      onClick={[Function]}
      style={
        Object {
          "left": "140px",
        }
      }
    />
    <div
      className="item distant"
      key="8"
      onClick={[Function]}
      style={
        Object {
          "left": "160px",
        }
      }
    />
  </div>
</DotNav>
`;

exports[`<DotsNav /> should handle "size" prop 19`] = `
<DotNav
  current={0}
  size="l"
  total={9}
>
  <div
    className="root size-l"
    style={
      Object {
        "height": 14,
        "width": 94,
      }
    }
  >
    <div
      className="item active"
      key="0"
      onClick={[Function]}
      style={
        Object {
          "left": "20px",
        }
      }
    />
    <div
      className="item"
      key="1"
      onClick={[Function]}
      style={
        Object {
          "left": "40px",
        }
      }
    />
    <div
      className="item"
      key="2"
      onClick={[Function]}
      style={
        Object {
          "left": "60px",
        }
      }
    />
    <div
      className="item distant"
      key="3"
      onClick={[Function]}
      style={
        Object {
          "left": "80px",
        }
      }
    />
    <div
      className="item distant"
      key="4"
      onClick={[Function]}
      style={
        Object {
          "left": "100px",
        }
      }
    />
    <div
      className="item distant"
      key="5"
      onClick={[Function]}
      style={
        Object {
          "left": "120px",
        }
      }
    />
    <div
      className="item distant"
      key="6"
      onClick={[Function]}
      style={
        Object {
          "left": "140px",
        }
      }
    />
    <div
      className="item distant"
      key="7"
      onClick={[Function]}
      style={
        Object {
          "left": "160px",
        }
      }
    />
    <div
      className="item distant"
      key="8"
      onClick={[Function]}
      style={
        Object {
          "left": "180px",
        }
      }
    />
  </div>
</DotNav>
`;

exports[`<DotsNav /> should handle props 1`] = `
<DotNav
  current={2}
  onSelect={[MockFunction]}
  total={12}
>
  <div
    className="root size-s"
    style={
      Object {
        "height": 14,
        "width": 70,
      }
    }
  >
    <div
      className="item"
      key="0"
      onClick={[Function]}
      style={
        Object {
          "left": "14px",
        }
      }
    />
    <div
      className="item"
      key="1"
      onClick={[Function]}
      style={
        Object {
          "left": "28px",
        }
      }
    />
    <div
      className="item active"
      key="2"
      onClick={[Function]}
      style={
        Object {
          "left": "42px",
        }
      }
    />
    <div
      className="item distant"
      key="3"
      onClick={[Function]}
      style={
        Object {
          "left": "56px",
        }
      }
    />
    <div
      className="item distant"
      key="4"
      onClick={[Function]}
      style={
        Object {
          "left": "70px",
        }
      }
    />
    <div
      className="item distant"
      key="5"
      onClick={[Function]}
      style={
        Object {
          "left": "84px",
        }
      }
    />
    <div
      className="item distant"
      key="6"
      onClick={[Function]}
      style={
        Object {
          "left": "98px",
        }
      }
    />
    <div
      className="item distant"
      key="7"
      onClick={[Function]}
      style={
        Object {
          "left": "112px",
        }
      }
    />
    <div
      className="item distant"
      key="8"
      onClick={[Function]}
      style={
        Object {
          "left": "126px",
        }
      }
    />
    <div
      className="item distant"
      key="9"
      onClick={[Function]}
      style={
        Object {
          "left": "140px",
        }
      }
    />
    <div
      className="item distant"
      key="10"
      onClick={[Function]}
      style={
        Object {
          "left": "154px",
        }
      }
    />
    <div
      className="item distant"
      key="11"
      onClick={[Function]}
      style={
        Object {
          "left": "168px",
        }
      }
    />
  </div>
</DotNav>
`;

exports[`<DotsNav /> should renders without props 1`] = `
<DotNav>
  <div
    className="root size-s"
    style={
      Object {
        "height": 14,
        "width": 70,
      }
    }
  >
    <div
      className="item active"
      key="0"
      onClick={[Function]}
      style={
        Object {
          "left": "28px",
        }
      }
    />
  </div>
</DotNav>
`;
