// Jest Snapshot v1, https://goo.gl/fbAQLP

exports[`Grid should renders correctly 1`] = `
<Grid
  align="center"
  className="custom-grid-class"
  spacing={32}
  style={
    Object {
      "background": "#0f0",
    }
  }
>
  <div
    className="grid grid-spacing-32 grid-align-center custom-grid-class"
    style={
      Object {
        "background": "#0f0",
      }
    }
  >
    <Grid.Item
      m={12}
      xl={2}
    >
      <div
        className="col col-size-m-12 col-size-xl-2"
      >
        First
      </div>
    </Grid.Item>
    <Grid.Item
      m={12}
      xl={4}
    >
      <div
        className="col col-size-m-12 col-size-xl-4"
      >
        Second
      </div>
    </Grid.Item>
    <Grid.Item
      m={12}
      xl={6}
    >
      <div
        className="col col-size-m-12 col-size-xl-6"
      >
        Third
      </div>
    </Grid.Item>
  </div>
</Grid>
`;

exports[`Grid should renders without props 1`] = `
<Grid>
  <div
    className="grid grid-spacing-16"
  />
</Grid>
`;

exports[`Grid.Item should renders correctly 1`] = `
<Grid.Item
  className="custom-item-class"
  l={5}
  m={6}
  ml={9}
  mm={10}
  ms={11}
  mxs={12}
  s={7}
  style={
    Object {
      "background": "#f00",
    }
  }
  xl={4}
  xs={8}
>
  <div
    className="col col-size-mxs-12 col-size-ms-11 col-size-mm-10 col-size-ml-9 col-size-xs-8 col-size-s-7 col-size-m-6 col-size-l-5 col-size-xl-4 className"
    style={
      Object {
        "background": "#f00",
      }
    }
  >
    Hello, world!
  </div>
</Grid.Item>
`;
