// Jest Snapshot v1, https://goo.gl/fbAQLP

exports[`<ModifiersGroup /> should match snapshot 1`] = `
<ModifiersGroup
  addGlobalListener={[Function]}
  getItemColor={[Function]}
  getItemContent={[Function]}
  getItemCount={[Function]}
  getItemImage={[Function]}
  getItemType={[Function]}
  isSelectedItem={[Function]}
  items={
    Array [
      Object {
        "amount": 0,
        "bgColor": undefined,
        "chosen": false,
        "content": "Test 1",
        "image": "www.test-image.com",
        "text": undefined,
      },
      Object {
        "amount": 1,
        "bgColor": undefined,
        "chosen": false,
        "content": "Test 2",
        "image": "www.test-image.com",
        "text": undefined,
      },
      Object {
        "amount": 2,
        "bgColor": "#f00",
        "chosen": true,
        "content": "Test 3",
        "image": undefined,
        "text": undefined,
      },
      Object {
        "amount": 3,
        "bgColor": undefined,
        "chosen": false,
        "content": "Test 4",
        "image": undefined,
        "text": "test text",
      },
      Object {
        "amount": 4,
        "bgColor": undefined,
        "chosen": false,
        "content": "Test 5",
        "image": undefined,
        "text": "test text",
      },
    ]
  }
/>
`;
