// Jest Snapshot v1, https://goo.gl/fbAQLP

exports[`<Wish /> should match snapshot 1`] = `
<Wish
  isChecked={true}
  isDisplayText={true}
  onClear={[Function]}
  size={36}
>
  <Link
    aria-label="Убрать из избранного"
    className="wrap touch"
    color="black"
    pseudo={true}
  >
    <a
      aria-label="Убрать из избранного"
      className="wrap touch link link-black link-can-be-hovered"
    >
      <Icon
        className="icon-fill active"
        icon={[Function]}
        role="presentation"
        size={36}
      >
        <filledHeart
          className="icon icon-block icon-fill active"
          height={36}
          role="presentation"
          viewBox="0 0 36 36"
          width={36}
          xmlns="http://www.w3.org/2000/svg"
        >
          <svg
            className="icon icon-block icon-fill active"
            height={36}
            role="presentation"
            viewBox="0 0 36 36"
            width={36}
            xmlns="http://www.w3.org/2000/svg"
          >
            <path
              d="M2.25 14.371C2.25 8.832 4.5 4.5 10.125 4.5S18 7.75 18 7.75s2.25-3.25 7.875-3.25 7.875 4.332 7.875 9.871c0 10.57-12.648 17.758-15.277 19.137a.99.99 0 0 1-.946 0C14.898 32.128 2.25 24.94 2.25 14.37zm0 0"
            />
          </svg>
        </filledHeart>
      </Icon>
      <span
        aria-hidden={true}
        className="text"
      >
        В избранном
      </span>
    </a>
  </Link>
</Wish>
`;
