// Jest Snapshot v1, https://goo.gl/fbAQLP

exports[`SidePage should renders correctly 1`] = `<div />`;

exports[`SidePage should renders correctly 2`] = `
<div>
  <div
    class="root"
    data-testid="modal-overlay"
    style="--transition-duration: 300ms; z-index: 100; --vh: 7.68px;"
  >
    <div
      class="side-page size-m"
      data-testid="side-page"
    >
      <div
        class="root size-unset header no-subtitle"
        data-testid="top-bar"
      >
        <div
          class="main"
        >
          <div
            class="title"
          >
            Test title
          </div>
        </div>
      </div>
      <div
        class="body"
      >
        <h1>
          Test body
        </h1>
      </div>
      <div
        class="root rounds-md__b footer"
        data-testid="bottom-bar"
      >
        <p>
          Test footer
        </p>
      </div>
    </div>
  </div>
</div>
`;
